<testsuites><testsuite package="JUnitXmlReporter" id="0" name="JUnitXmlReporter" timestamp="2013-05-24T10:23:58" hostname="localhost" tests="0" failures="0" errors="0" time="0"><properties></properties></testsuite><testsuite package="JUnitXmlReporter.constructor" id="1" name="JUnitXmlReporter.constructor" timestamp="2013-05-24T10:23:58" hostname="localhost" tests="3" failures="1" errors="0" time="0.006"><properties><property name="project.jdk.classpath" value="jdk.classpath.1.6"></property><property name="compiler.debug" value="on"></property><property name="java.vendor" value="Sun Microsystems Inc."></property></properties><testcase name="should default useDotNotation to true" classname="JUnitXmlReporter.constructor" time="0"></testcase><testcase name="should default consolidate to true" classname="JUnitXmlReporter.constructor" time="0"><skipped></skipped></testcase><testcase name="should default path to an empty string" classname="JUnitXmlReporter.constructor" time="0.006"><failure message="test failure" type="not equal">Assertion failed</failure></testcase></testsuite></testsuites>
